// Jest Snapshot v1, https://goo.gl/fbAQLP

exports[`NotFound snapshots should match for NotFound component 1`] = `
ShallowWrapper {
  Symbol(enzyme.__root__): [Circular],
  Symbol(enzyme.__unrendered__): <WithStyles(NotFound)
    classes={Object {}}
/>,
  Symbol(enzyme.__renderer__): Object {
    "batchedUpdates": [Function],
    "checkPropTypes": [Function],
    "getNode": [Function],
    "render": [Function],
    "simulateError": [Function],
    "simulateEvent": [Function],
    "unmount": [Function],
  },
  Symbol(enzyme.__node__): Object {
    "instance": null,
    "key": undefined,
    "nodeType": "function",
    "props": Object {
      "classes": Object {
        "appBar": "NotFound-appBar-1",
        "blackBackGround": "NotFound-blackBackGround-5",
        "blackCardContent": "NotFound-blackCardContent-6",
        "blackCardTitle": "NotFound-blackCardTitle-3",
        "buttons": "NotFound-buttons-2",
        "card": "NotFound-card-4",
        "cardGrid": "NotFound-cardGrid-12",
        "footer": "NotFound-footer-7",
        "heroButtons": "NotFound-heroButtons-10",
        "heroContent": "NotFound-heroContent-9",
        "heroUnit": "NotFound-heroUnit-8",
        "layout": "NotFound-layout-11",
      },
    },
    "ref": null,
    "rendered": null,
    "type": [Function],
  },
  Symbol(enzyme.__nodes__): Array [
    Object {
      "instance": null,
      "key": undefined,
      "nodeType": "function",
      "props": Object {
        "classes": Object {
          "appBar": "NotFound-appBar-1",
          "blackBackGround": "NotFound-blackBackGround-5",
          "blackCardContent": "NotFound-blackCardContent-6",
          "blackCardTitle": "NotFound-blackCardTitle-3",
          "buttons": "NotFound-buttons-2",
          "card": "NotFound-card-4",
          "cardGrid": "NotFound-cardGrid-12",
          "footer": "NotFound-footer-7",
          "heroButtons": "NotFound-heroButtons-10",
          "heroContent": "NotFound-heroContent-9",
          "heroUnit": "NotFound-heroUnit-8",
          "layout": "NotFound-layout-11",
        },
      },
      "ref": null,
      "rendered": null,
      "type": [Function],
    },
  ],
  Symbol(enzyme.__options__): Object {
    "adapter": ReactSixteenAdapter {
      "options": Object {
        "enableComponentDidUpdateOnSetState": true,
        "legacyContextMode": "parent",
        "lifecycles": Object {
          "componentDidUpdate": Object {
            "onSetState": true,
          },
          "getChildContext": Object {
            "calledByRenderer": false,
          },
          "getDerivedStateFromProps": true,
          "getSnapshotBeforeUpdate": true,
          "setState": Object {
            "skipsComponentDidUpdateOnNullish": true,
          },
        },
      },
    },
  },
}
`;
