// Jest Snapshot v1, https://goo.gl/fbAQLP

exports[`BlackCard snapshots should match for BlackCard component 1`] = `
ShallowWrapper {
  Symbol(enzyme.__root__): [Circular],
  Symbol(enzyme.__unrendered__): <WithStyles(BlackCard)
    card={
        Object {
            "id": "3c6f4977-c58b-460f-98ad-acd2fae3a2ce",
            "text": "GoldFinger: He's the man, the man with...",
          }
    }
    classes={Object {}}
    editable={true}
    handleDelete={[Function]}
    handleEdit={[Function]}
/>,
  Symbol(enzyme.__renderer__): Object {
    "batchedUpdates": [Function],
    "checkPropTypes": [Function],
    "getNode": [Function],
    "render": [Function],
    "simulateError": [Function],
    "simulateEvent": [Function],
    "unmount": [Function],
  },
  Symbol(enzyme.__node__): Object {
    "instance": null,
    "key": undefined,
    "nodeType": "function",
    "props": Object {
      "card": Object {
        "id": "3c6f4977-c58b-460f-98ad-acd2fae3a2ce",
        "text": "GoldFinger: He's the man, the man with...",
      },
      "classes": Object {
        "appBar": "BlackCard-appBar-1",
        "blackBackGround": "BlackCard-blackBackGround-5",
        "blackCardContent": "BlackCard-blackCardContent-6",
        "blackCardTitle": "BlackCard-blackCardTitle-3",
        "buttons": "BlackCard-buttons-2",
        "card": "BlackCard-card-4",
        "cardGrid": "BlackCard-cardGrid-12",
        "footer": "BlackCard-footer-7",
        "heroButtons": "BlackCard-heroButtons-10",
        "heroContent": "BlackCard-heroContent-9",
        "heroUnit": "BlackCard-heroUnit-8",
        "layout": "BlackCard-layout-11",
      },
      "editable": true,
      "handleDelete": [Function],
      "handleEdit": [Function],
    },
    "ref": null,
    "rendered": null,
    "type": [Function],
  },
  Symbol(enzyme.__nodes__): Array [
    Object {
      "instance": null,
      "key": undefined,
      "nodeType": "function",
      "props": Object {
        "card": Object {
          "id": "3c6f4977-c58b-460f-98ad-acd2fae3a2ce",
          "text": "GoldFinger: He's the man, the man with...",
        },
        "classes": Object {
          "appBar": "BlackCard-appBar-1",
          "blackBackGround": "BlackCard-blackBackGround-5",
          "blackCardContent": "BlackCard-blackCardContent-6",
          "blackCardTitle": "BlackCard-blackCardTitle-3",
          "buttons": "BlackCard-buttons-2",
          "card": "BlackCard-card-4",
          "cardGrid": "BlackCard-cardGrid-12",
          "footer": "BlackCard-footer-7",
          "heroButtons": "BlackCard-heroButtons-10",
          "heroContent": "BlackCard-heroContent-9",
          "heroUnit": "BlackCard-heroUnit-8",
          "layout": "BlackCard-layout-11",
        },
        "editable": true,
        "handleDelete": [Function],
        "handleEdit": [Function],
      },
      "ref": null,
      "rendered": null,
      "type": [Function],
    },
  ],
  Symbol(enzyme.__options__): Object {
    "adapter": ReactSixteenAdapter {
      "options": Object {
        "enableComponentDidUpdateOnSetState": true,
        "legacyContextMode": "parent",
        "lifecycles": Object {
          "componentDidUpdate": Object {
            "onSetState": true,
          },
          "getChildContext": Object {
            "calledByRenderer": false,
          },
          "getDerivedStateFromProps": true,
          "getSnapshotBeforeUpdate": true,
          "setState": Object {
            "skipsComponentDidUpdateOnNullish": true,
          },
        },
      },
    },
  },
}
`;
