// Jest Snapshot v1, https://goo.gl/fbAQLP

exports[`CardListContainer snapshots should match for CardListContainer component 1`] = `
ShallowWrapper {
  Symbol(enzyme.__root__): [Circular],
  Symbol(enzyme.__unrendered__): <WithStyles(CardListContainer)
    classes={Object {}}
/>,
  Symbol(enzyme.__renderer__): Object {
    "batchedUpdates": [Function],
    "checkPropTypes": [Function],
    "getNode": [Function],
    "render": [Function],
    "simulateError": [Function],
    "simulateEvent": [Function],
    "unmount": [Function],
  },
  Symbol(enzyme.__node__): Object {
    "instance": null,
    "key": undefined,
    "nodeType": "class",
    "props": Object {
      "classes": Object {
        "appBar": "CardListContainer-appBar-1",
        "blackBackGround": "CardListContainer-blackBackGround-5",
        "blackCardContent": "CardListContainer-blackCardContent-6",
        "blackCardTitle": "CardListContainer-blackCardTitle-3",
        "buttons": "CardListContainer-buttons-2",
        "card": "CardListContainer-card-4",
        "footer": "CardListContainer-footer-7",
        "heroButtons": "CardListContainer-heroButtons-10",
        "heroContent": "CardListContainer-heroContent-9",
        "heroUnit": "CardListContainer-heroUnit-8",
      },
    },
    "ref": null,
    "rendered": null,
    "type": [Function],
  },
  Symbol(enzyme.__nodes__): Array [
    Object {
      "instance": null,
      "key": undefined,
      "nodeType": "class",
      "props": Object {
        "classes": Object {
          "appBar": "CardListContainer-appBar-1",
          "blackBackGround": "CardListContainer-blackBackGround-5",
          "blackCardContent": "CardListContainer-blackCardContent-6",
          "blackCardTitle": "CardListContainer-blackCardTitle-3",
          "buttons": "CardListContainer-buttons-2",
          "card": "CardListContainer-card-4",
          "footer": "CardListContainer-footer-7",
          "heroButtons": "CardListContainer-heroButtons-10",
          "heroContent": "CardListContainer-heroContent-9",
          "heroUnit": "CardListContainer-heroUnit-8",
        },
      },
      "ref": null,
      "rendered": null,
      "type": [Function],
    },
  ],
  Symbol(enzyme.__options__): Object {
    "adapter": ReactSixteenAdapter {
      "options": Object {
        "enableComponentDidUpdateOnSetState": true,
        "legacyContextMode": "parent",
        "lifecycles": Object {
          "componentDidUpdate": Object {
            "onSetState": true,
          },
          "getChildContext": Object {
            "calledByRenderer": false,
          },
          "getDerivedStateFromProps": true,
          "getSnapshotBeforeUpdate": true,
          "setState": Object {
            "skipsComponentDidUpdateOnNullish": true,
          },
        },
      },
    },
  },
}
`;
